/usr/local/lpcopen_3_02_lpcxpresso_xpresso4337/lpc_chip_43xx/inc/clock_18xx_43xx.h:137:22:Chip_Clock_DisableMainPLL	4	static
/usr/local/lpcopen_3_02_lpcxpresso_xpresso4337/lpc_chip_43xx/inc/clock_18xx_43xx.h:159:22:Chip_Clock_SetupMainPLL	16	static
/usr/local/lpcopen_3_02_lpcxpresso_xpresso4337/lpc_chip_43xx/inc/clock_18xx_43xx.h:380:21:Chip_Clock_MainPLLLocked	4	static
../src/sysinit_18xx_43xx.c:81:6:Chip_SetupCoreClock	72	static
../src/sysinit_18xx_43xx.c:144:6:Chip_SetupXtalClocking	8	static
../src/sysinit_18xx_43xx.c:150:6:Chip_SetupIrcClocking	8	static
../src/sysinit_18xx_43xx.c:156:6:Chip_SystemInit	8	static
